[2026-06-10T01:19:48.249Z] 확장판 작업 시작: 인용 8명 + 후보 16명
[2026-06-10T01:19:48.250Z] 이미지/요약 조회: Erik Brynjolfsson
[2026-06-10T01:19:49.017Z] Erik Brynjolfsson 이미지 다운로드 실패
[2026-06-10T01:19:49.018Z] 이미지/요약 조회: Daniel Susskind
[2026-06-10T01:19:49.364Z] Daniel Susskind 이미지 없음: 텍스트 카드로 대체 예정
[2026-06-10T01:19:49.365Z] 이미지/요약 조회: Mariana Mazzucato
[2026-06-10T01:19:49.916Z] Mariana Mazzucato 이미지 다운로드 실패
[2026-06-10T01:19:49.917Z] 이미지/요약 조회: Daron Acemoglu
[2026-06-10T01:19:50.795Z] Daron Acemoglu 이미지 다운로드 완료
[2026-06-10T01:19:50.796Z] 이미지/요약 조회: Yoshua Bengio
[2026-06-10T01:19:51.184Z] Yoshua Bengio 이미지 다운로드 완료
[2026-06-10T01:19:51.185Z] 이미지/요약 조회: Richard Florida
[2026-06-10T01:19:51.566Z] Richard Florida 이미지 다운로드 실패
[2026-06-10T01:19:51.566Z] 이미지/요약 조회: Shoshana Zuboff
[2026-06-10T01:19:52.119Z] Shoshana Zuboff 이미지 다운로드 실패
[2026-06-10T01:19:52.120Z] 이미지/요약 조회: Luciano Floridi
[2026-06-10T01:19:52.661Z] Luciano Floridi 이미지 다운로드 실패
[2026-06-10T01:19:52.662Z] 이미지/요약 조회: David Autor
[2026-06-10T01:19:53.746Z] David Autor 이미지 다운로드 실패
[2026-06-10T01:19:53.747Z] 이미지/요약 조회: Yochai Benkler
[2026-06-10T01:19:54.844Z] Yochai Benkler 이미지 다운로드 실패
[2026-06-10T01:19:54.845Z] 이미지/요약 조회: Cathy O’Neil
[2026-06-10T01:19:55.125Z] Cathy O’Neil 이미지 없음: 텍스트 카드로 대체 예정
[2026-06-10T01:19:55.125Z] 이미지/요약 조회: Kate Crawford
[2026-06-10T01:19:55.408Z] Kate Crawford 이미지 없음: 텍스트 카드로 대체 예정
[2026-06-10T01:19:55.409Z] 이미지/요약 조회: Virginia Eubanks
[2026-06-10T01:19:55.686Z] Virginia Eubanks 이미지 없음: 텍스트 카드로 대체 예정
[2026-06-10T01:19:55.687Z] 이미지/요약 조회: Meredith Whittaker
[2026-06-10T01:19:55.969Z] Meredith Whittaker 이미지 없음: 텍스트 카드로 대체 예정
[2026-06-10T01:19:55.970Z] 이미지/요약 조회: Safiya Umoja Noble
[2026-06-10T01:19:56.253Z] Safiya Umoja Noble 이미지 없음: 텍스트 카드로 대체 예정
[2026-06-10T01:19:56.254Z] 이미지/요약 조회: Ruha Benjamin
[2026-06-10T01:19:56.530Z] Ruha Benjamin 이미지 없음: 텍스트 카드로 대체 예정
[2026-06-10T01:19:56.531Z] 이미지/요약 조회: Geoffrey Hinton
[2026-06-10T01:19:56.805Z] Geoffrey Hinton 이미지 없음: 텍스트 카드로 대체 예정
[2026-06-10T01:19:56.806Z] 이미지/요약 조회: Stuart Russell
[2026-06-10T01:19:57.079Z] Stuart Russell 이미지 없음: 텍스트 카드로 대체 예정
[2026-06-10T01:19:57.080Z] 이미지/요약 조회: Ajay Agrawal
[2026-06-10T01:19:57.356Z] Ajay Agrawal 이미지 없음: 텍스트 카드로 대체 예정
[2026-06-10T01:19:57.357Z] 이미지/요약 조회: Carlota Perez
[2026-06-10T01:19:57.639Z] Carlota Perez 이미지 없음: 텍스트 카드로 대체 예정
[2026-06-10T01:19:57.640Z] 이미지/요약 조회: Saskia Sassen
[2026-06-10T01:19:57.914Z] Saskia Sassen 이미지 없음: 텍스트 카드로 대체 예정
[2026-06-10T01:19:57.915Z] 이미지/요약 조회: Edward Glaeser
[2026-06-10T01:19:58.196Z] Edward Glaeser 이미지 없음: 텍스트 카드로 대체 예정
[2026-06-10T01:19:58.197Z] 이미지/요약 조회: Alison Gopnik
[2026-06-10T01:19:58.473Z] Alison Gopnik 이미지 없음: 텍스트 카드로 대체 예정
[2026-06-10T01:19:58.474Z] 이미지/요약 조회: Amartya Sen
[2026-06-10T01:19:58.745Z] Amartya Sen 이미지 없음: 텍스트 카드로 대체 예정
[2026-06-10T01:19:58.746Z] 확장판 초안 작성 완료: /Users/taejae-agent/workspace/taedi-masterplan/drafts/scholar-profiles-learning-materials-v0.11.5-expanded.md
[2026-06-10T01:19:58.746Z] 다음 단계: HTML/PDF 디자인 렌더링
